---
source: crates/fe/tests/cli_output.rs
expression: output
---
=== STDERR ===
❌ Config validation error at file://<project>/crates/fe/tests/fixtures/cli_output/ingots/config_and_missing_dep/: Invalid ingot name "invalid name!"
❌ Failed to resolve ingot dependency 'file://<project>/crates/fe/tests/fixtures/cli_output/ingots/config_and_missing_dep/nonexistent/': Directory does not exist: file://<project>/crates/fe/tests/fixtures/cli_output/ingots/config_and_missing_dep/nonexistent/

=== EXIT CODE: 1 ===
