---
source: crates/fe/tests/cli_output.rs
expression: output
---
=== STDOUT ===
[31mâž– cycle_c v0.1.0[0m
â””â”€â”€ [31mâž– cycle_b v0.1.0[0m
    â”œâ”€â”€ [31mâž– cycle_e v0.1.0[0m
    â”‚   â””â”€â”€ [31mâž– cycle_d v0.1.0[0m
    â”‚       â””â”€â”€ [31mâž– cycle_e v0.1.0 ðŸ”„ [cycle][0m
    â””â”€â”€ [31mâž– cycle_c v0.1.0 ðŸ”„ [cycle][0m

=== EXIT CODE: 0 ===
