---
source: crates/fe/tests/cli_output.rs
expression: output
---
=== STDOUT ===
➖ test v0.1.0

=== STDERR ===
❌ Config validation error at file://<project>/crates/fe/tests/fixtures/cli_output/ingots/invalid_dep_alias/: Invalid dependency alias "bad-alias!"
❌ Failed to resolve ingot dependency 'file://<project>/crates/fe/tests/fixtures/cli_output/ingots/invalid_dep_alias/nonexistent/': Directory does not exist: file://<project>/crates/fe/tests/fixtures/cli_output/ingots/invalid_dep_alias/nonexistent/

=== EXIT CODE: 0 ===
