---
source: crates/fe/tests/cli_output.rs
expression: output
---
=== STDOUT ===
âž– basic v0.1.0

=== EXIT CODE: 0 ===
