---
source: crates/uitest/tests/ty_check.rs
expression: diags
input_file: crates/uitest/fixtures/ty_check/method_selection/ambiguous_trait_inst.fe
---
error[8-0028]: ambiguous trait implementation
   ┌─ ambiguous_trait_inst.fe:23:13
   │
23 │     let y = f.foo()
   │             ^^^^^^^
   │             │
   │             multiple implementations are found
   │             candidate: Trait<u32>
   │             candidate: Trait<i32>

error[8-0032]: type annotation is needed
   ┌─ ambiguous_trait_inst.fe:23:9
   │
23 │     let y = f.foo()
   │         ^
   │         │
   │         type annotation is needed
   │         consider giving `: Type` here
