---
source: crates/uitest/tests/ty_check.rs
expression: diags
input_file: crates/uitest/fixtures/ty_check/method_selection/ambiguous_trait_def.fe
---
error[8-0027]: multiple trait candidates found
   ┌─ ambiguous_trait_def.fe:38:15
   │
38 │     let y = f.foo()
   │               ^^^
   │               │
   │               `foo` is ambiguous
   │               candidate: `Trait2::foo`
   │               candidate: `Trait1::foo`

error[8-0032]: type annotation is needed
   ┌─ ambiguous_trait_def.fe:37:9
   │
37 │     let f = Foo::new()
   │         ^
   │         │
   │         type annotation is needed
   │         consider giving `: Foo<_>` here
