---
source: crates/fe/tests/cli_output.rs
expression: output
---
=== STDERR ===
❌ Config validation error at file://<project>/crates/fe/tests/fixtures/cli_output/ingots/missing_version/: Missing ingot version
❌ Failed to resolve ingot dependency 'file://<project>/crates/fe/tests/fixtures/cli_output/ingots/missing_version/nonexistent/': Directory does not exist: file://<project>/crates/fe/tests/fixtures/cli_output/ingots/missing_version/nonexistent/

=== EXIT CODE: 1 ===
