---
source: crates/resolver/tests/graph.rs
assertion_line: 94
expression: "format!(\"{:#?}\\n{:#?}\", graph, resolver.take_diagnostics())"
input_file: fixtures/graph/dcg.toml
---
Graph {
    Ty: "Directed",
    node_count: 5,
    edge_count: 9,
    edges: (0, 1), (1, 2), (0, 3), (3, 0), (3, 1), (0, 4), (2, 4), (4, 3), (4, 1),
    node weights: {
        0: "a",
        1: "d",
        2: "e",
        3: "c",
        4: "b",
    },
}
[]
