---
source: crates/uitest/tests/ty_check.rs
expression: diags
input_file: crates/uitest/fixtures/ty_check/pat/duplicated_binding.fe
---
error[8-0002]: duplicated bidning `x` in the same pattern
  ┌─ duplicated_binding.fe:6:17
  │
6 │     let E::V(x, x) = f
  │              -  ^ `x` is already defined in the same pattern
  │              │   
  │              `x` is defined here

error[8-0002]: duplicated bidning `x` in the same pattern
  ┌─ duplicated_binding.fe:9:17
  │
9 │         E::V(x, x) => ()
  │              -  ^ `x` is already defined in the same pattern
  │              │   
  │              `x` is defined here


