---
source: crates/fe/tests/cli_output.rs
expression: output
---
=== STDERR ===
‚ùå Config validation error at file://<project>/crates/fe/tests/fixtures/cli_output/ingots/invalid_name/: Invalid ingot name "invalid-name-with-dashes"

=== EXIT CODE: 1 ===
