---
source: crates/fe/tests/cli_output.rs
expression: output
---
=== STDOUT ===
âž– missingsrc v0.0.1

=== EXIT CODE: 0 ===
