---
source: crates/fe/tests/cli_output.rs
expression: output
---
=== STDOUT ===
➖ test v0.1.0

=== STDERR ===
❌ Config validation error at file://<project>/crates/fe/tests/fixtures/cli_output/ingots/invalid_dep_name/: Invalid dependency name "bad name!"
❌ Failed to resolve ingot dependency 'file://<project>/crates/fe/tests/fixtures/cli_output/ingots/invalid_dep_name/nonexistent/': Directory does not exist: file://<project>/crates/fe/tests/fixtures/cli_output/ingots/invalid_dep_name/nonexistent/

=== EXIT CODE: 0 ===
