---
source: crates/fe/tests/cli_output.rs
expression: output
---
=== STDERR ===
❌ Detected cycle(s) in ingot dependencies:

➖ cycle_a v0.1.0
├── [31m➖ cycle_b v0.1.0[0m
│   ├── [31m➖ cycle_c v0.1.0[0m
│   │   └── [31m➖ cycle_b v0.1.0 🔄 [cycle][0m
│   └── [31m➖ cycle_e v0.1.0[0m
│       └── [31m➖ cycle_d v0.1.0[0m
│           └── [31m➖ cycle_e v0.1.0 🔄 [cycle][0m
└── [31m➖ cycle_d v0.1.0[0m
    └── [31m➖ cycle_e v0.1.0[0m
        └── [31m➖ cycle_d v0.1.0 🔄 [cycle][0m


=== EXIT CODE: 1 ===
