---
source: crates/uitest/tests/name_resolution.rs
assertion_line: 26
expression: diags
input_file: fixtures/name_resolution/import_ambiguous.fe
---

