---
source: crates/uitest/tests/ty_check.rs
expression: diags
input_file: crates/uitest/fixtures/ty_check/field_access.fe
---
error[8-0015]: type must be known here
  ┌─ field_access.fe:7:5
  │
7 │     x.1
  │     ^ type must be known here

error[8-0016]: invalid field index
  ┌─ field_access.fe:2:5
  │
2 │     x.2
  │     ^^^ field `2` is not found in `(i32, u32)`

error[8-0016]: invalid field index
   ┌─ field_access.fe:16:5
   │
16 │     bar.v
   │     ^^^^^ field `v` is not found in `Bar`

error[8-0032]: type annotation is needed
  ┌─ field_access.fe:6:9
  │
6 │     let x
  │         ^
  │         │
  │         type annotation is needed
  │         consider giving `: Type` here


