---
source: crates/fe/tests/cli_output.rs
expression: output
---
=== STDERR ===
‚ùå Failed to resolve ingot dependency 'file://<project>/crates/fe/tests/fixtures/cli_output/ingots/nonexistent/': Directory does not exist: file://<project>/crates/fe/tests/fixtures/cli_output/ingots/nonexistent/

=== EXIT CODE: 1 ===
